==269220== Memcheck, a memory error detector
==269220== Copyright (C) 2002-2022, and GNU GPL'd, by Julian Seward et al.
==269220== Using Valgrind-3.22.0 and LibVEX; rerun with -h for copyright info
==269220== Command: ./build/r-type_client
==269220== Parent PID: 268208
==269220== 
==269220== 
==269220== HEAP SUMMARY:
==269220==     in use at exit: 349,472 bytes in 3,917 blocks
==269220==   total heap usage: 520,208 allocs, 516,291 frees, 97,434,256 bytes allocated
==269220== 
==269220== 6,958 (232 direct, 6,726 indirect) bytes in 1 blocks are definitely lost in loss record 2,788 of 2,794
==269220==    at 0x484D953: calloc (in /usr/libexec/valgrind/vgpreload_memcheck-amd64-linux.so)
==269220==    by 0x5265232: ??? (in /usr/lib/x86_64-linux-gnu/libdbus-1.so.3.32.4)
==269220==    by 0x526D587: ??? (in /usr/lib/x86_64-linux-gnu/libdbus-1.so.3.32.4)
==269220==    by 0x526F89D: ??? (in /usr/lib/x86_64-linux-gnu/libdbus-1.so.3.32.4)
==269220==    by 0x525F872: ??? (in /usr/lib/x86_64-linux-gnu/libdbus-1.so.3.32.4)
==269220==    by 0x524B28D: ??? (in /usr/lib/x86_64-linux-gnu/libdbus-1.so.3.32.4)
==269220==    by 0x524C6F0: ??? (in /usr/lib/x86_64-linux-gnu/libdbus-1.so.3.32.4)
==269220==    by 0x263352: SDL_DBus_Init (in /home/totosaure/3rd_year/R_Type/R_Type/build/r-type_client)
==269220==    by 0x273EE1: SDL_InitSubSystem_REAL.part.0 (in /home/totosaure/3rd_year/R_Type/R_Type/build/r-type_client)
==269220==    by 0x162C1E: Window::Window() (in /home/totosaure/3rd_year/R_Type/R_Type/build/r-type_client)
==269220==    by 0x15D77A: Renderer::Renderer() (in /home/totosaure/3rd_year/R_Type/R_Type/build/r-type_client)
==269220==    by 0x145F48: ClientGameHandler::ClientGameHandler(bool) (in /home/totosaure/3rd_year/R_Type/R_Type/build/r-type_client)
==269220== 
==269220== LEAK SUMMARY:
==269220==    definitely lost: 232 bytes in 1 blocks
==269220==    indirectly lost: 6,726 bytes in 44 blocks
==269220==      possibly lost: 0 bytes in 0 blocks
==269220==    still reachable: 342,514 bytes in 3,872 blocks
==269220==         suppressed: 0 bytes in 0 blocks
==269220== Reachable blocks (those to which a pointer was found) are not shown.
==269220== To see them, rerun with: --leak-check=full --show-leak-kinds=all
==269220== 
==269220== For lists of detected and suppressed errors, rerun with: -s
==269220== ERROR SUMMARY: 1 errors from 1 contexts (suppressed: 0 from 0)
